../Core/Src/stm32f0xx_it.c:74:6:NMI_Handler	8	static
../Core/Src/stm32f0xx_it.c:89:6:HardFault_Handler	8	static
../Core/Src/stm32f0xx_it.c:104:6:SVC_Handler	8	static
../Core/Src/stm32f0xx_it.c:117:6:PendSV_Handler	8	static
../Core/Src/stm32f0xx_it.c:130:6:SysTick_Handler	8	static
../Core/Src/stm32f0xx_it.c:151:6:EXTI0_1_IRQHandler	8	static
../Core/Src/stm32f0xx_it.c:165:6:EXTI4_15_IRQHandler	8	static
../Core/Src/stm32f0xx_it.c:180:6:DMA1_Ch1_IRQHandler	8	static
../Core/Src/stm32f0xx_it.c:194:6:DMA1_Ch2_3_DMA2_Ch1_2_IRQHandler	8	static
../Core/Src/stm32f0xx_it.c:209:6:DMA1_Ch4_7_DMA2_Ch3_5_IRQHandler	8	static
../Core/Src/stm32f0xx_it.c:224:6:TIM16_IRQHandler	8	static
